// Jest Snapshot v1, https://goo.gl/fbAQLP

exports[`proper empty shape 1`] = `
StackFrame {
  "_originalColumnNumber": null,
  "_originalFileName": null,
  "_originalFunctionName": null,
  "_originalLineNumber": null,
  "_originalScriptCode": null,
  "_scriptCode": null,
  "columnNumber": null,
  "fileName": null,
  "functionName": null,
  "lineNumber": null,
}
`;

exports[`proper full shape 1`] = `
StackFrame {
  "_originalColumnNumber": 13,
  "_originalFileName": "test.js",
  "_originalFunctionName": "apple",
  "_originalLineNumber": 37,
  "_originalScriptCode": null,
  "_scriptCode": null,
  "columnNumber": 37,
  "fileName": "b.js",
  "functionName": "a",
  "lineNumber": 13,
}
`;
