// Jest Snapshot v1, https://goo.gl/fbAQLP

exports[`default context & unfound source 1`] = `
Array [
  StackFrame {
    "_originalColumnNumber": null,
    "_originalFileName": "B.js",
    "_originalFunctionName": "div",
    "_originalLineNumber": 8,
    "_originalScriptCode": Array [
      ScriptLine {
        "content": "    return (",
        "highlight": false,
        "lineNumber": 5,
      },
      ScriptLine {
        "content": "      <div>",
        "highlight": false,
        "lineNumber": 6,
      },
      ScriptLine {
        "content": "        {[1, 2].map(v => (",
        "highlight": false,
        "lineNumber": 7,
      },
      ScriptLine {
        "content": "          <div>{v}</div>",
        "highlight": true,
        "lineNumber": 8,
      },
      ScriptLine {
        "content": "        ))}",
        "highlight": false,
        "lineNumber": 9,
      },
      ScriptLine {
        "content": "      </div>",
        "highlight": false,
        "lineNumber": 10,
      },
      ScriptLine {
        "content": "    )",
        "highlight": false,
        "lineNumber": 11,
      },
    ],
    "_scriptCode": Array [
      ScriptLine {
        "content": "        },",
        "highlight": false,
        "lineNumber": 41463,
      },
      ScriptLine {
        "content": "        [1, 2].map(function (v) {",
        "highlight": false,
        "lineNumber": 41464,
      },
      ScriptLine {
        "content": "          return _react2.default.createElement(",
        "highlight": false,
        "lineNumber": 41465,
      },
      ScriptLine {
        "content": "            'div',",
        "highlight": true,
        "lineNumber": 41466,
      },
      ScriptLine {
        "content": "            {",
        "highlight": false,
        "lineNumber": 41467,
      },
      ScriptLine {
        "content": "              __source: {",
        "highlight": false,
        "lineNumber": 41468,
      },
      ScriptLine {
        "content": "                fileName: _jsxFileName,",
        "highlight": false,
        "lineNumber": 41469,
      },
    ],
    "columnNumber": null,
    "fileName": "/static/js/bundle.js",
    "functionName": "div",
    "lineNumber": 41466,
  },
  StackFrame {
    "_originalColumnNumber": null,
    "_originalFileName": "blabla.js",
    "_originalFunctionName": "unknown",
    "_originalLineNumber": 10,
    "_originalScriptCode": null,
    "_scriptCode": null,
    "columnNumber": null,
    "fileName": null,
    "functionName": null,
    "lineNumber": null,
  },
]
`;
