// Jest Snapshot v1, https://goo.gl/fbAQLP

exports[`15.y.z 1`] = `
Array [
  StackFrame {
    "_originalColumnNumber": null,
    "_originalFileName": null,
    "_originalFunctionName": null,
    "_originalLineNumber": null,
    "_originalScriptCode": null,
    "_scriptCode": null,
    "columnNumber": null,
    "fileName": "FileA.js",
    "functionName": "div",
    "lineNumber": 9,
  },
  StackFrame {
    "_originalColumnNumber": null,
    "_originalFileName": null,
    "_originalFunctionName": null,
    "_originalLineNumber": null,
    "_originalScriptCode": null,
    "_scriptCode": null,
    "columnNumber": null,
    "fileName": "App.js",
    "functionName": "FileA",
    "lineNumber": 9,
  },
  StackFrame {
    "_originalColumnNumber": null,
    "_originalFileName": null,
    "_originalFunctionName": null,
    "_originalLineNumber": null,
    "_originalScriptCode": null,
    "_scriptCode": null,
    "columnNumber": null,
    "fileName": "App.js",
    "functionName": "div",
    "lineNumber": 8,
  },
  StackFrame {
    "_originalColumnNumber": null,
    "_originalFileName": null,
    "_originalFunctionName": null,
    "_originalLineNumber": null,
    "_originalScriptCode": null,
    "_scriptCode": null,
    "columnNumber": null,
    "fileName": "index.js",
    "functionName": "App",
    "lineNumber": 7,
  },
]
`;
